// Jest Snapshot v1, https://goo.gl/fbAQLP

exports[`test if Home renders Home correctly 1`] = `
<div>
  <div
    className="homePageWrap"
  >
    <h1>
      Welcome to our page
    </h1>
    <p
      className="homeParagraph"
    >
      mathematics is the science of structure, order, and relation that has evolved from elemental practices of counting, measuring, and describing the shapes of objects. It deals with logical reasoning and quantitative calculation, and its development has involved an increasing degree of idealization and abstraction of its subject matter.
    </p>
    <p
      className="homeParagraph"
    >
      Since the 17th century, mathematics has been an indispensable adjunct to the physical sciences and technology, and in more recent times it has assumed a similar role in the quantitative aspects of the life sciences.
      <a
        href="https://www.britannica.com/science/mathematics"
      >
        Britannica 
      </a>
    </p>
  </div>
</div>
`;
